// Jest Snapshot v1, https://goo.gl/fbAQLP

exports[`The MealList Component The MealList  Should not regress 1`] = `
<div
  className="grid"
>
  <div
    className="columns undefined"
  >
    <div
      className="card"
    >
      <div
        className="card-title undefined"
      >
        <h4>
          Meals
        </h4>
        <a
          className="btn btn-primary"
          href="/d/meals/add"
          onClick={[Function]}
        >
          Add
        </a>
      </div>
      <div
        className="card-body"
      >
        <div
          className="table-responsive table-bordered table-striped"
        >
          <table
            className="table"
          >
            <thead>
              <tr>
                <th>
                  #
                </th>
                <th>
                  Name
                </th>
                <th>
                  Price
                </th>
                <th>
                  by
                </th>
                <th>
                  Posted on
                </th>
                <th>
                  Actions
                </th>
              </tr>
            </thead>
            <tbody>
              <tr>
                <th
                  scope="row"
                >
                  <div
                    className="round-img"
                  >
                    <a
                      href=""
                    >
                      <img
                        alt=""
                        src="http://localhost:5000/uploads/ID_1.JPG"
                      />
                    </a>
                  </div>
                </th>
                <td>
                  Cool
                </td>
                <td>
                  10
                </td>
                <td
                  className="color-primary"
                >
                  duncan
                </td>
                <td>
                  2018-7-8
                </td>
                <td>
                  <a
                    className="btn"
                    href="/d/meal/1"
                    onClick={[Function]}
                  >
                    View
                  </a>
                  <button
                    className="btn"
                    onClick={[Function]}
                  >
                    Add
                  </button>
                  <a
                    className="btn"
                    href="/d/meal/edit/1"
                    onClick={[Function]}
                  >
                    Edit
                  </a>
                </td>
              </tr>
              <tr>
                <th
                  scope="row"
                >
                  <div
                    className="round-img"
                  >
                    <a
                      href=""
                    >
                      <img
                        alt=""
                        src="http://localhost:5000/uploads/ID_2.JPG"
                      />
                    </a>
                  </div>
                </th>
                <td>
                  test
                </td>
                <td>
                  10
                </td>
                <td
                  className="color-primary"
                >
                  duncan
                </td>
                <td>
                  2018-7-8
                </td>
                <td>
                  <a
                    className="btn"
                    href="/d/meal/2"
                    onClick={[Function]}
                  >
                    View
                  </a>
                  <button
                    className="btn"
                    onClick={[Function]}
                  >
                    Add
                  </button>
                  <a
                    className="btn"
                    href="/d/meal/edit/2"
                    onClick={[Function]}
                  >
                    Edit
                  </a>
                </td>
              </tr>
            </tbody>
          </table>
        </div>
      </div>
    </div>
  </div>
</div>
`;
